MPLINK 5.09, LINKER
Linker Map File - Created Wed Oct 26 21:38:59 2022

                                 Section Info
                  Section       Type    Address   Location Size(Bytes)
                ---------  ---------  ---------  ---------  ---------
                 RST_CODE       code   0x000000    program   0x000004
                   .cinit    romdata   0x000004    program   0x000002
                 PRG_CODE       code   0x000020    program   0x000180
.config_300001_BUILD/DEFAULT/DEBUG/TRAVAIL-2.O    romdata   0x300001    program   0x000001
.config_300002_BUILD/DEFAULT/DEBUG/TRAVAIL-2.O    romdata   0x300002    program   0x000001
.config_300003_BUILD/DEFAULT/DEBUG/TRAVAIL-2.O    romdata   0x300003    program   0x000001
.config_300005_BUILD/DEFAULT/DEBUG/TRAVAIL-2.O    romdata   0x300005    program   0x000001
.config_300006_BUILD/DEFAULT/DEBUG/TRAVAIL-2.O    romdata   0x300006    program   0x000001
              Zone_udata1      udata   0x000060       data   0x000008
              Zone_udata2      udata   0x000080       data   0x00000e



                              Program Memory Usage 
                               Start         End      
                           ---------   ---------      
                            0x000000    0x000005      
                            0x000020    0x00019f      
                            0x300001    0x300003      
                            0x300005    0x300006      
            395 out of 66584 program addresses used, program memory utilization is 0%



                              Symbols - Sorted by Name
                     Name    Address   Location    Storage File                     
                ---------  ---------  ---------  --------- ---------                
              AddExposant   0x0000b0    program     static C:\Users\Burger\Desktop\Travail-2\Travail 2.X\travail-2.asm
                     Cas1   0x0000ea    program     static C:\Users\Burger\Desktop\Travail-2\Travail 2.X\travail-2.asm
                     Cas2   0x00010c    program     static C:\Users\Burger\Desktop\Travail-2\Travail 2.X\travail-2.asm
                     Cas3   0x00012e    program     static C:\Users\Burger\Desktop\Travail-2\Travail 2.X\travail-2.asm
                     Cas4   0x000150    program     static C:\Users\Burger\Desktop\Travail-2\Travail 2.X\travail-2.asm
                     Cas5   0x000172    program     static C:\Users\Burger\Desktop\Travail-2\Travail 2.X\travail-2.asm
                   CopieA   0x00006e    program     static C:\Users\Burger\Desktop\Travail-2\Travail 2.X\travail-2.asm
                   CopieB   0x000080    program     static C:\Users\Burger\Desktop\Travail-2\Travail 2.X\travail-2.asm
                 Exposant   0x00009a    program     static C:\Users\Burger\Desktop\Travail-2\Travail 2.X\travail-2.asm
                 Fraction   0x0000a6    program     static C:\Users\Burger\Desktop\Travail-2\Travail 2.X\travail-2.asm
            MultiFraction   0x0000c8    program     static C:\Users\Burger\Desktop\Travail-2\Travail 2.X\travail-2.asm
            ResultatFinal   0x000194    program     static C:\Users\Burger\Desktop\Travail-2\Travail 2.X\travail-2.asm
                    Signe   0x000092    program     static C:\Users\Burger\Desktop\Travail-2\Travail 2.X\travail-2.asm
                    Start   0x000020    program     static C:\Users\Burger\Desktop\Travail-2\Travail 2.X\travail-2.asm
               A_exposant   0x000081       data     static C:\Users\Burger\Desktop\Travail-2\Travail 2.X\travail-2.asm
               A_fraction   0x000082       data     static C:\Users\Burger\Desktop\Travail-2\Travail 2.X\travail-2.asm
                 A_octet0   0x000063       data     static C:\Users\Burger\Desktop\Travail-2\Travail 2.X\travail-2.asm
                 A_octet1   0x000062       data     static C:\Users\Burger\Desktop\Travail-2\Travail 2.X\travail-2.asm
                 A_octet2   0x000061       data     static C:\Users\Burger\Desktop\Travail-2\Travail 2.X\travail-2.asm
                 A_octet3   0x000060       data     static C:\Users\Burger\Desktop\Travail-2\Travail 2.X\travail-2.asm
                  A_signe   0x000080       data     static C:\Users\Burger\Desktop\Travail-2\Travail 2.X\travail-2.asm
               B_exposant   0x000084       data     static C:\Users\Burger\Desktop\Travail-2\Travail 2.X\travail-2.asm
               B_fraction   0x000085       data     static C:\Users\Burger\Desktop\Travail-2\Travail 2.X\travail-2.asm
                 B_octet0   0x000067       data     static C:\Users\Burger\Desktop\Travail-2\Travail 2.X\travail-2.asm
                 B_octet1   0x000066       data     static C:\Users\Burger\Desktop\Travail-2\Travail 2.X\travail-2.asm
                 B_octet2   0x000065       data     static C:\Users\Burger\Desktop\Travail-2\Travail 2.X\travail-2.asm
                 B_octet3   0x000064       data     static C:\Users\Burger\Desktop\Travail-2\Travail 2.X\travail-2.asm
                  B_signe   0x000083       data     static C:\Users\Burger\Desktop\Travail-2\Travail 2.X\travail-2.asm
          Resultat_octet0   0x00008d       data     static C:\Users\Burger\Desktop\Travail-2\Travail 2.X\travail-2.asm
          Resultat_octet1   0x00008c       data     static C:\Users\Burger\Desktop\Travail-2\Travail 2.X\travail-2.asm
          Resultat_octet2   0x00008b       data     static C:\Users\Burger\Desktop\Travail-2\Travail 2.X\travail-2.asm
          Resultat_octet3   0x00008a       data     static C:\Users\Burger\Desktop\Travail-2\Travail 2.X\travail-2.asm
        Temporaire_octet0   0x000089       data     static C:\Users\Burger\Desktop\Travail-2\Travail 2.X\travail-2.asm
        Temporaire_octet1   0x000088       data     static C:\Users\Burger\Desktop\Travail-2\Travail 2.X\travail-2.asm
        Temporaire_octet2   0x000087       data     static C:\Users\Burger\Desktop\Travail-2\Travail 2.X\travail-2.asm
        Temporaire_octet3   0x000086       data     static C:\Users\Burger\Desktop\Travail-2\Travail 2.X\travail-2.asm



                              Symbols - Sorted by Address
                     Name    Address   Location    Storage File                     
                ---------  ---------  ---------  --------- ---------                
                    Start   0x000020    program     static C:\Users\Burger\Desktop\Travail-2\Travail 2.X\travail-2.asm
                   CopieA   0x00006e    program     static C:\Users\Burger\Desktop\Travail-2\Travail 2.X\travail-2.asm
                   CopieB   0x000080    program     static C:\Users\Burger\Desktop\Travail-2\Travail 2.X\travail-2.asm
                    Signe   0x000092    program     static C:\Users\Burger\Desktop\Travail-2\Travail 2.X\travail-2.asm
                 Exposant   0x00009a    program     static C:\Users\Burger\Desktop\Travail-2\Travail 2.X\travail-2.asm
                 Fraction   0x0000a6    program     static C:\Users\Burger\Desktop\Travail-2\Travail 2.X\travail-2.asm
              AddExposant   0x0000b0    program     static C:\Users\Burger\Desktop\Travail-2\Travail 2.X\travail-2.asm
            MultiFraction   0x0000c8    program     static C:\Users\Burger\Desktop\Travail-2\Travail 2.X\travail-2.asm
                     Cas1   0x0000ea    program     static C:\Users\Burger\Desktop\Travail-2\Travail 2.X\travail-2.asm
                     Cas2   0x00010c    program     static C:\Users\Burger\Desktop\Travail-2\Travail 2.X\travail-2.asm
                     Cas3   0x00012e    program     static C:\Users\Burger\Desktop\Travail-2\Travail 2.X\travail-2.asm
                     Cas4   0x000150    program     static C:\Users\Burger\Desktop\Travail-2\Travail 2.X\travail-2.asm
                     Cas5   0x000172    program     static C:\Users\Burger\Desktop\Travail-2\Travail 2.X\travail-2.asm
            ResultatFinal   0x000194    program     static C:\Users\Burger\Desktop\Travail-2\Travail 2.X\travail-2.asm
                 A_octet3   0x000060       data     static C:\Users\Burger\Desktop\Travail-2\Travail 2.X\travail-2.asm
                 A_octet2   0x000061       data     static C:\Users\Burger\Desktop\Travail-2\Travail 2.X\travail-2.asm
                 A_octet1   0x000062       data     static C:\Users\Burger\Desktop\Travail-2\Travail 2.X\travail-2.asm
                 A_octet0   0x000063       data     static C:\Users\Burger\Desktop\Travail-2\Travail 2.X\travail-2.asm
                 B_octet3   0x000064       data     static C:\Users\Burger\Desktop\Travail-2\Travail 2.X\travail-2.asm
                 B_octet2   0x000065       data     static C:\Users\Burger\Desktop\Travail-2\Travail 2.X\travail-2.asm
                 B_octet1   0x000066       data     static C:\Users\Burger\Desktop\Travail-2\Travail 2.X\travail-2.asm
                 B_octet0   0x000067       data     static C:\Users\Burger\Desktop\Travail-2\Travail 2.X\travail-2.asm
                  A_signe   0x000080       data     static C:\Users\Burger\Desktop\Travail-2\Travail 2.X\travail-2.asm
               A_exposant   0x000081       data     static C:\Users\Burger\Desktop\Travail-2\Travail 2.X\travail-2.asm
               A_fraction   0x000082       data     static C:\Users\Burger\Desktop\Travail-2\Travail 2.X\travail-2.asm
                  B_signe   0x000083       data     static C:\Users\Burger\Desktop\Travail-2\Travail 2.X\travail-2.asm
               B_exposant   0x000084       data     static C:\Users\Burger\Desktop\Travail-2\Travail 2.X\travail-2.asm
               B_fraction   0x000085       data     static C:\Users\Burger\Desktop\Travail-2\Travail 2.X\travail-2.asm
        Temporaire_octet3   0x000086       data     static C:\Users\Burger\Desktop\Travail-2\Travail 2.X\travail-2.asm
        Temporaire_octet2   0x000087       data     static C:\Users\Burger\Desktop\Travail-2\Travail 2.X\travail-2.asm
        Temporaire_octet1   0x000088       data     static C:\Users\Burger\Desktop\Travail-2\Travail 2.X\travail-2.asm
        Temporaire_octet0   0x000089       data     static C:\Users\Burger\Desktop\Travail-2\Travail 2.X\travail-2.asm
          Resultat_octet3   0x00008a       data     static C:\Users\Burger\Desktop\Travail-2\Travail 2.X\travail-2.asm
          Resultat_octet2   0x00008b       data     static C:\Users\Burger\Desktop\Travail-2\Travail 2.X\travail-2.asm
          Resultat_octet1   0x00008c       data     static C:\Users\Burger\Desktop\Travail-2\Travail 2.X\travail-2.asm
          Resultat_octet0   0x00008d       data     static C:\Users\Burger\Desktop\Travail-2\Travail 2.X\travail-2.asm


